// Jest Snapshot v1, https://goo.gl/fbAQLP

exports[`Nav should match snapshot 1`] = `
Object {
  "asFragment": [Function],
  "baseElement": <body>
    <div>
      <nav
        class="sticky top-0 flex items-center justify-between bg-blue-500 p-4"
      >
        <div
          class="flex items-center"
        >
          <img
            alt="Profile"
            class="mr-1 h-6 w-6 rounded-full overflow-hidden"
          />
          <span
            class="text-white"
            data-testid="user-information"
          >
            User: 
            sarahedo
          </span>
        </div>
        <div
          class="flex"
        >
          <a
            class="text-white mr-4 hover:font-medium"
            href="/"
          >
            Home
          </a>
          <a
            class="text-white mr-4 hover:font-medium"
            href="/leaderboard"
          >
            Leaderboard
          </a>
          <a
            class="text-white mr-4 hover:font-medium"
            href="/add"
          >
            New Poll
          </a>
        </div>
        <button
          class="text-white"
        >
          Logout
        </button>
      </nav>
    </div>
  </body>,
  "container": <div>
    <nav
      class="sticky top-0 flex items-center justify-between bg-blue-500 p-4"
    >
      <div
        class="flex items-center"
      >
        <img
          alt="Profile"
          class="mr-1 h-6 w-6 rounded-full overflow-hidden"
        />
        <span
          class="text-white"
          data-testid="user-information"
        >
          User: 
          sarahedo
        </span>
      </div>
      <div
        class="flex"
      >
        <a
          class="text-white mr-4 hover:font-medium"
          href="/"
        >
          Home
        </a>
        <a
          class="text-white mr-4 hover:font-medium"
          href="/leaderboard"
        >
          Leaderboard
        </a>
        <a
          class="text-white mr-4 hover:font-medium"
          href="/add"
        >
          New Poll
        </a>
      </div>
      <button
        class="text-white"
      >
        Logout
      </button>
    </nav>
  </div>,
  "debug": [Function],
  "findAllByAltText": [Function],
  "findAllByDisplayValue": [Function],
  "findAllByLabelText": [Function],
  "findAllByPlaceholderText": [Function],
  "findAllByRole": [Function],
  "findAllByTestId": [Function],
  "findAllByText": [Function],
  "findAllByTitle": [Function],
  "findByAltText": [Function],
  "findByDisplayValue": [Function],
  "findByLabelText": [Function],
  "findByPlaceholderText": [Function],
  "findByRole": [Function],
  "findByTestId": [Function],
  "findByText": [Function],
  "findByTitle": [Function],
  "getAllByAltText": [Function],
  "getAllByDisplayValue": [Function],
  "getAllByLabelText": [Function],
  "getAllByPlaceholderText": [Function],
  "getAllByRole": [Function],
  "getAllByTestId": [Function],
  "getAllByText": [Function],
  "getAllByTitle": [Function],
  "getByAltText": [Function],
  "getByDisplayValue": [Function],
  "getByLabelText": [Function],
  "getByPlaceholderText": [Function],
  "getByRole": [Function],
  "getByTestId": [Function],
  "getByText": [Function],
  "getByTitle": [Function],
  "queryAllByAltText": [Function],
  "queryAllByDisplayValue": [Function],
  "queryAllByLabelText": [Function],
  "queryAllByPlaceholderText": [Function],
  "queryAllByRole": [Function],
  "queryAllByTestId": [Function],
  "queryAllByText": [Function],
  "queryAllByTitle": [Function],
  "queryByAltText": [Function],
  "queryByDisplayValue": [Function],
  "queryByLabelText": [Function],
  "queryByPlaceholderText": [Function],
  "queryByRole": [Function],
  "queryByTestId": [Function],
  "queryByText": [Function],
  "queryByTitle": [Function],
  "rerender": [Function],
  "unmount": [Function],
}
`;
